// Jest Snapshot v1, https://goo.gl/fbAQLP

exports[`VueCsvImport has expected html 1`] = `undefined`;
